Vivado Simulator v2024.2.2
Copyright 1986-2022 Xilinx, Inc. All Rights Reserved.
Copyright 2022-2024 Advanced Micro Devices, Inc. All Rights Reserved.
Running: /home/vishnu/Xilinx/vivado/Vivado/2024.2/bin/unwrapped/lnx64.o/xelab --incr --debug typical --relax --mt 8 -L xil_defaultlib -L blk_mem_gen_v8_4_10 -L unisims_ver -L unimacro_ver -L secureip -L xpm --snapshot tb_bram_behav xil_defaultlib.tb_bram xil_defaultlib.glbl -log elaborate.log 
Using 8 slave threads.
Starting static elaboration
Pass Through NonSizing Optimizer
Completed static elaboration
Starting simulation data flow analysis
Completed simulation data flow analysis
Time Resolution for simulation is 1ps
Compiling module blk_mem_gen_v8_4_10.blk_mem_gen_v8_4_10_output_stage...
Compiling module blk_mem_gen_v8_4_10.blk_mem_gen_v8_4_10_softecc_outp...
Compiling module blk_mem_gen_v8_4_10.blk_mem_gen_v8_4_10_mem_module(C...
Compiling module blk_mem_gen_v8_4_10.blk_mem_gen_v8_4_10(C_FAMILY="ar...
Compiling module xil_defaultlib.blk_mem_gen_0
Compiling module xil_defaultlib.instr_mem
Compiling module xil_defaultlib.tb_bram
Compiling module xil_defaultlib.glbl
Built simulation snapshot tb_bram_behav
